// Jest Snapshot v1, https://goo.gl/fbAQLP

exports[`pruebas en el nombre del componente debe de hacer match con el snapshot 1`] = `
<div>
  <div
    class="card"
  >
    <img
      alt="warzone"
      src="https://war-zone.com/ghodt.jpg"
    />
    <p>
      warzone
    </p>
  </div>
</div>
`;
